MPLINK 4.49, Linker
Linker Map File - Created Wed Sep 27 07:59:18 2017

                                 Section Info
                  Section       Type    Address   Location Size(Bytes)
                ---------  ---------  ---------  ---------  ---------
                   .org_0       code   0x000000    program   0x000000
                   .org_1       code   0x000000    program   0x00002a



                              Program Memory Usage 
                               Start         End      
                           ---------   ---------      
                            0x000000    0x000014      
            21 out of 8454 program addresses used, program memory utilization is 0%



                              Symbols - Sorted by Name
                     Name    Address   Location    Storage File                     
                ---------  ---------  ---------  --------- ---------                
                  Evaluar   0x000001    program     static E:\R\- LABs -\06 En_Progreso\compa.asm
                  FinAeqB   0x000012    program     static E:\R\- LABs -\06 En_Progreso\compa.asm
                 ZonaElse   0x00000d    program     static E:\R\- LABs -\06 En_Progreso\compa.asm
                 ZonaThen   0x000010    program     static E:\R\- LABs -\06 En_Progreso\compa.asm



                              Symbols - Sorted by Address
                     Name    Address   Location    Storage File                     
                ---------  ---------  ---------  --------- ---------                
                  Evaluar   0x000001    program     static E:\R\- LABs -\06 En_Progreso\compa.asm
                 ZonaElse   0x00000d    program     static E:\R\- LABs -\06 En_Progreso\compa.asm
                 ZonaThen   0x000010    program     static E:\R\- LABs -\06 En_Progreso\compa.asm
                  FinAeqB   0x000012    program     static E:\R\- LABs -\06 En_Progreso\compa.asm


