MPLINK 4.49, Linker
Linker Map File - Created Mon Sep 11 10:40:10 2017

                                 Section Info
                  Section       Type    Address   Location Size(Bytes)
                ---------  ---------  ---------  ---------  ---------
                   .org_0       code   0x000000    program   0x000000
                   .org_1       code   0x000000    program   0x000036



                              Program Memory Usage 
                               Start         End      
                           ---------   ---------      
                            0x000000    0x00001a      
            27 out of 8454 program addresses used, program memory utilization is 0%



                              Symbols - Sorted by Name
                     Name    Address   Location    Storage File                     
                ---------  ---------  ---------  --------- ---------                
                   Espera   0x00000d    program     static C:\Users\SergioF\Desktop\R\- LABs -\07_A-D\Cod_01.asm
                   Inicio   0x00000b    program     static C:\Users\SergioF\Desktop\R\- LABs -\07_A-D\Cod_01.asm
                    Pausa   0x000016    program     static C:\Users\SergioF\Desktop\R\- LABs -\07_A-D\Cod_01.asm
                      Rep   0x000018    program     static C:\Users\SergioF\Desktop\R\- LABs -\07_A-D\Cod_01.asm



                              Symbols - Sorted by Address
                     Name    Address   Location    Storage File                     
                ---------  ---------  ---------  --------- ---------                
                   Inicio   0x00000b    program     static C:\Users\SergioF\Desktop\R\- LABs -\07_A-D\Cod_01.asm
                   Espera   0x00000d    program     static C:\Users\SergioF\Desktop\R\- LABs -\07_A-D\Cod_01.asm
                    Pausa   0x000016    program     static C:\Users\SergioF\Desktop\R\- LABs -\07_A-D\Cod_01.asm
                      Rep   0x000018    program     static C:\Users\SergioF\Desktop\R\- LABs -\07_A-D\Cod_01.asm


