MPLINK 4.49, Linker
Linker Map File - Created Wed Sep 27 07:46:18 2017

                                 Section Info
                  Section       Type    Address   Location Size(Bytes)
                ---------  ---------  ---------  ---------  ---------
                   .org_0       code   0x000000    program   0x000000
                   .org_1       code   0x000000    program   0x000006
                   .org_2       code   0x000004    program   0x00008a



                              Program Memory Usage 
                               Start         End      
                           ---------   ---------      
                            0x000000    0x000002      
                            0x000004    0x000048      
            72 out of 8454 program addresses used, program memory utilization is 0%



                              Symbols - Sorted by Name
                     Name    Address   Location    Storage File                     
                ---------  ---------  ---------  --------- ---------                
                       D1   0x00001d    program     static E:\R\- LABs -\02\R.asm   
                      D10   0x000026    program     static E:\R\- LABs -\02\R.asm   
                     D100   0x00002f    program     static E:\R\- LABs -\02\R.asm   
                   D100_1   0x000035    program     static E:\R\- LABs -\02\R.asm   
                    D10_1   0x00002a    program     static E:\R\- LABs -\02\R.asm   
                     D1_1   0x000021    program     static E:\R\- LABs -\02\R.asm   
                     D500   0x00003c    program     static E:\R\- LABs -\02\R.asm   
                   D500_1   0x000042    program     static E:\R\- LABs -\02\R.asm   
            Entrada_RESET   0x000000    program     static E:\R\- LABs -\02\Base.asm
           INTERRUPCIONES   0x000003    program     static E:\R\- LABs -\02\Base.asm
                      ISR   0x00001c    program     static E:\R\- LABs -\02\Base.asm
                   Inicio   0x000007    program     static E:\R\- LABs -\02\Base.asm
                   Repite   0x00000d    program     static E:\R\- LABs -\02\Base.asm



                              Symbols - Sorted by Address
                     Name    Address   Location    Storage File                     
                ---------  ---------  ---------  --------- ---------                
            Entrada_RESET   0x000000    program     static E:\R\- LABs -\02\Base.asm
           INTERRUPCIONES   0x000003    program     static E:\R\- LABs -\02\Base.asm
                   Inicio   0x000007    program     static E:\R\- LABs -\02\Base.asm
                   Repite   0x00000d    program     static E:\R\- LABs -\02\Base.asm
                      ISR   0x00001c    program     static E:\R\- LABs -\02\Base.asm
                       D1   0x00001d    program     static E:\R\- LABs -\02\R.asm   
                     D1_1   0x000021    program     static E:\R\- LABs -\02\R.asm   
                      D10   0x000026    program     static E:\R\- LABs -\02\R.asm   
                    D10_1   0x00002a    program     static E:\R\- LABs -\02\R.asm   
                     D100   0x00002f    program     static E:\R\- LABs -\02\R.asm   
                   D100_1   0x000035    program     static E:\R\- LABs -\02\R.asm   
                     D500   0x00003c    program     static E:\R\- LABs -\02\R.asm   
                   D500_1   0x000042    program     static E:\R\- LABs -\02\R.asm   


