MPLINK 4.49, Linker
Linker Map File - Created Fri Aug 25 15:04:15 2017

                                 Section Info
                  Section       Type    Address   Location Size(Bytes)
                ---------  ---------  ---------  ---------  ---------
                   .org_0       code   0x000000    program   0x000000
                   .org_1       code   0x000000    program   0x000006
                   .org_2       code   0x000004    program   0x0000d0



                              Program Memory Usage 
                               Start         End      
                           ---------   ---------      
                            0x000000    0x000002      
                            0x000004    0x00006b      
            107 out of 8454 program addresses used, program memory utilization is 1%



                              Symbols - Sorted by Name
                     Name    Address   Location    Storage File                     
                ---------  ---------  ---------  --------- ---------                
              Continua_01   0x000021    program     static C:\Users\Sergio_2\Desktop\R\- LABs -\04\Base.asm
              Continua_02   0x000027    program     static C:\Users\Sergio_2\Desktop\R\- LABs -\04\Base.asm
              Continua_03   0x00002d    program     static C:\Users\Sergio_2\Desktop\R\- LABs -\04\Base.asm
              Continua_04   0x000033    program     static C:\Users\Sergio_2\Desktop\R\- LABs -\04\Base.asm
                       D1   0x000040    program     static C:\Users\Sergio_2\Desktop\R\- LABs -\04\R.asm
                      D10   0x000049    program     static C:\Users\Sergio_2\Desktop\R\- LABs -\04\R.asm
                     D100   0x000052    program     static C:\Users\Sergio_2\Desktop\R\- LABs -\04\R.asm
                   D100_1   0x000058    program     static C:\Users\Sergio_2\Desktop\R\- LABs -\04\R.asm
                    D10_1   0x00004d    program     static C:\Users\Sergio_2\Desktop\R\- LABs -\04\R.asm
                     D1_1   0x000044    program     static C:\Users\Sergio_2\Desktop\R\- LABs -\04\R.asm
                     D500   0x00005f    program     static C:\Users\Sergio_2\Desktop\R\- LABs -\04\R.asm
                   D500_1   0x000065    program     static C:\Users\Sergio_2\Desktop\R\- LABs -\04\R.asm
            Entrada_RESET   0x000000    program     static C:\Users\Sergio_2\Desktop\R\- LABs -\04\Base.asm
            Fue_igual_a_0   0x00001f    program     static C:\Users\Sergio_2\Desktop\R\- LABs -\04\Base.asm
            Fue_igual_a_1   0x000025    program     static C:\Users\Sergio_2\Desktop\R\- LABs -\04\Base.asm
            Fue_igual_a_2   0x00002b    program     static C:\Users\Sergio_2\Desktop\R\- LABs -\04\Base.asm
            Fue_igual_a_3   0x000031    program     static C:\Users\Sergio_2\Desktop\R\- LABs -\04\Base.asm
           INTERRUPCIONES   0x000003    program     static C:\Users\Sergio_2\Desktop\R\- LABs -\04\Base.asm
                      ISR   0x00003f    program     static C:\Users\Sergio_2\Desktop\R\- LABs -\04\Base.asm
                   Inicio   0x000007    program     static C:\Users\Sergio_2\Desktop\R\- LABs -\04\Base.asm
               NoOprimida   0x000036    program     static C:\Users\Sergio_2\Desktop\R\- LABs -\04\Base.asm
                  Procesa   0x000033    program     static C:\Users\Sergio_2\Desktop\R\- LABs -\04\Base.asm
                   Repite   0x000011    program     static C:\Users\Sergio_2\Desktop\R\- LABs -\04\Base.asm
               SiOprimida   0x000035    program     static C:\Users\Sergio_2\Desktop\R\- LABs -\04\Base.asm



                              Symbols - Sorted by Address
                     Name    Address   Location    Storage File                     
                ---------  ---------  ---------  --------- ---------                
            Entrada_RESET   0x000000    program     static C:\Users\Sergio_2\Desktop\R\- LABs -\04\Base.asm
           INTERRUPCIONES   0x000003    program     static C:\Users\Sergio_2\Desktop\R\- LABs -\04\Base.asm
                   Inicio   0x000007    program     static C:\Users\Sergio_2\Desktop\R\- LABs -\04\Base.asm
                   Repite   0x000011    program     static C:\Users\Sergio_2\Desktop\R\- LABs -\04\Base.asm
            Fue_igual_a_0   0x00001f    program     static C:\Users\Sergio_2\Desktop\R\- LABs -\04\Base.asm
              Continua_01   0x000021    program     static C:\Users\Sergio_2\Desktop\R\- LABs -\04\Base.asm
            Fue_igual_a_1   0x000025    program     static C:\Users\Sergio_2\Desktop\R\- LABs -\04\Base.asm
              Continua_02   0x000027    program     static C:\Users\Sergio_2\Desktop\R\- LABs -\04\Base.asm
            Fue_igual_a_2   0x00002b    program     static C:\Users\Sergio_2\Desktop\R\- LABs -\04\Base.asm
              Continua_03   0x00002d    program     static C:\Users\Sergio_2\Desktop\R\- LABs -\04\Base.asm
            Fue_igual_a_3   0x000031    program     static C:\Users\Sergio_2\Desktop\R\- LABs -\04\Base.asm
                  Procesa   0x000033    program     static C:\Users\Sergio_2\Desktop\R\- LABs -\04\Base.asm
              Continua_04   0x000033    program     static C:\Users\Sergio_2\Desktop\R\- LABs -\04\Base.asm
               SiOprimida   0x000035    program     static C:\Users\Sergio_2\Desktop\R\- LABs -\04\Base.asm
               NoOprimida   0x000036    program     static C:\Users\Sergio_2\Desktop\R\- LABs -\04\Base.asm
                      ISR   0x00003f    program     static C:\Users\Sergio_2\Desktop\R\- LABs -\04\Base.asm
                       D1   0x000040    program     static C:\Users\Sergio_2\Desktop\R\- LABs -\04\R.asm
                     D1_1   0x000044    program     static C:\Users\Sergio_2\Desktop\R\- LABs -\04\R.asm
                      D10   0x000049    program     static C:\Users\Sergio_2\Desktop\R\- LABs -\04\R.asm
                    D10_1   0x00004d    program     static C:\Users\Sergio_2\Desktop\R\- LABs -\04\R.asm
                     D100   0x000052    program     static C:\Users\Sergio_2\Desktop\R\- LABs -\04\R.asm
                   D100_1   0x000058    program     static C:\Users\Sergio_2\Desktop\R\- LABs -\04\R.asm
                     D500   0x00005f    program     static C:\Users\Sergio_2\Desktop\R\- LABs -\04\R.asm
                   D500_1   0x000065    program     static C:\Users\Sergio_2\Desktop\R\- LABs -\04\R.asm


