MPLINK 4.49, Linker
Linker Map File - Created Mon Aug 14 13:18:16 2017

                                 Section Info
                  Section       Type    Address   Location Size(Bytes)
                ---------  ---------  ---------  ---------  ---------



                              Program Memory Usage 
                               Start         End      
                           ---------   ---------      
                            0x000000    0xd30000      
            0 out of 8454 program addresses used, program memory utilization is 0%



                              Symbols - Sorted by Name
                     Name    Address   Location    Storage File                     
                ---------  ---------  ---------  --------- ---------                



                              Symbols - Sorted by Address
                     Name    Address   Location    Storage File                     
                ---------  ---------  ---------  --------- ---------                


